// Jest Snapshot v1, https://goo.gl/fbAQLP

exports[`chooseFile 多选其他 1`] = `".doc,.docx__true.txt"`;

exports[`chooseFile 多选图片 1`] = `".jpg,.jpeg,.png,.gif__true.txt"`;

exports[`chooseFile 选择其他 1`] = `".doc,.docx__false.txt"`;

exports[`chooseFile 选择图片 1`] = `".jpg,.jpeg,.png,.gif__false.txt"`;
